[    0.000000] Linux version 4.15.0-192-generic (buildd@lcy02-amd64-029) (gcc version 7.5.0 (Ubuntu 7.5.0-3ubuntu1~18.04)) #203-Ubuntu SMP Wed Aug 10 17:40:03 UTC 2022 (Ubuntu 4.15.0-192.203-generic 4.15.18)
[    0.000000] Command line: BOOT_IMAGE=/boot/vmlinuz-4.15.0-192-generic root=LABEL=cloudimg-rootfs ro console=tty1 console=ttyS0
[    0.000000] KERNEL supported cpus:
[    0.000000]   Intel GenuineIntel
[    0.000000]   AMD AuthenticAMD
[    0.000000]   Centaur CentaurHauls
[    0.000000] x86/fpu: Supporting XSAVE feature 0x001: 'x87 floating point registers'
[    0.000000] x86/fpu: Supporting XSAVE feature 0x002: 'SSE registers'
[    0.000000] x86/fpu: Supporting XSAVE feature 0x004: 'AVX registers'
[    0.000000] x86/fpu: xstate_offset[2]:  576, xstate_sizes[2]:  256
[    0.000000] x86/fpu: Enabled xstate features 0x7, context size is 832 bytes, using 'standard' format.
[    0.000000] e820: BIOS-provided physical RAM map:
[    0.000000] BIOS-e820: [mem 0x0000000000000000-0x000000000009fbff] usable
[    0.000000] BIOS-e820: [mem 0x000000000009fc00-0x000000000009ffff] reserved
[    0.000000] BIOS-e820: [mem 0x00000000000f0000-0x00000000000fffff] reserved
[    0.000000] BIOS-e820: [mem 0x0000000000100000-0x000000003ffeffff] usable
[    0.000000] BIOS-e820: [mem 0x000000003fff0000-0x000000003fffffff] ACPI data
[    0.000000] BIOS-e820: [mem 0x00000000fec00000-0x00000000fec00fff] reserved
[    0.000000] BIOS-e820: [mem 0x00000000fee00000-0x00000000fee00fff] reserved
[    0.000000] BIOS-e820: [mem 0x00000000fffc0000-0x00000000ffffffff] reserved
[    0.000000] NX (Execute Disable) protection: active
[    0.000000] SMBIOS 2.5 present.
[    0.000000] DMI: innotek GmbH VirtualBox/VirtualBox, BIOS VirtualBox 12/01/2006
[    0.000000] Hypervisor detected: KVM
[    0.000000] e820: last_pfn = 0x3fff0 max_arch_pfn = 0x400000000
[    0.000000] MTRR: Disabled
[    0.000000] x86/PAT: MTRRs disabled, skipping PAT initialization too.
[    0.000000] CPU MTRRs all blank - virtualized system.
[    0.000000] x86/PAT: Configuration [0-7]: WB  WT  UC- UC  WB  WT  UC- UC  
[    0.000000] found SMP MP-table at [mem 0x0009fff0-0x0009ffff]
[    0.000000] Scanning 1 areas for low memory corruption
[    0.000000] RAMDISK: [mem 0x359cb000-0x36cdcfff]
[    0.000000] ACPI: Early table checksum verification disabled
[    0.000000] ACPI: RSDP 0x00000000000E0000 000024 (v02 VBOX  )
[    0.000000] ACPI: XSDT 0x000000003FFF0030 00003C (v01 VBOX   VBOXXSDT 00000001 ASL  00000061)
[    0.000000] ACPI: FACP 0x000000003FFF00F0 0000F4 (v04 VBOX   VBOXFACP 00000001 ASL  00000061)
[    0.000000] ACPI: DSDT 0x000000003FFF0470 002325 (v02 VBOX   VBOXBIOS 00000002 INTL 20200925)
[    0.000000] ACPI: FACS 0x000000003FFF0200 000040
[    0.000000] ACPI: FACS 0x000000003FFF0200 000040
[    0.000000] ACPI: APIC 0x000000003FFF0240 00005C (v02 VBOX   VBOXAPIC 00000001 ASL  00000061)
[    0.000000] ACPI: SSDT 0x000000003FFF02A0 0001CC (v01 VBOX   VBOXCPUT 00000002 INTL 20200925)
[    0.000000] ACPI: Reserving FACP table memory at [mem 0x3fff00f0-0x3fff01e3]
[    0.000000] ACPI: Reserving DSDT table memory at [mem 0x3fff0470-0x3fff2794]
[    0.000000] ACPI: Reserving FACS table memory at [mem 0x3fff0200-0x3fff023f]
[    0.000000] ACPI: Reserving FACS table memory at [mem 0x3fff0200-0x3fff023f]
[    0.000000] ACPI: Reserving APIC table memory at [mem 0x3fff0240-0x3fff029b]
[    0.000000] ACPI: Reserving SSDT table memory at [mem 0x3fff02a0-0x3fff046b]
[    0.000000] No NUMA configuration found
[    0.000000] Faking a node at [mem 0x0000000000000000-0x000000003ffeffff]
[    0.000000] NODE_DATA(0) allocated [mem 0x3ffc5000-0x3ffeffff]
[    0.000000] kvm-clock: cpu 0, msr 0:3ff44001, primary cpu clock
[    0.000000] kvm-clock: Using msrs 4b564d01 and 4b564d00
[    0.000000] kvm-clock: using sched offset of 3414654647 cycles
[    0.000000] clocksource: kvm-clock: mask: 0xffffffffffffffff max_cycles: 0x1cd42e4dffb, max_idle_ns: 881590591483 ns
[    0.000000] Zone ranges:
[    0.000000]   DMA      [mem 0x0000000000001000-0x0000000000ffffff]
[    0.000000]   DMA32    [mem 0x0000000001000000-0x000000003ffeffff]
[    0.000000]   Normal   empty
[    0.000000]   Device   empty
[    0.000000] Movable zone start for each node
[    0.000000] Early memory node ranges
[    0.000000]   node   0: [mem 0x0000000000001000-0x000000000009efff]
[    0.000000]   node   0: [mem 0x0000000000100000-0x000000003ffeffff]
[    0.000000] Reserved but unavailable: 104 pages
[    0.000000] Initmem setup node 0 [mem 0x0000000000001000-0x000000003ffeffff]
[    0.000000] ACPI: PM-Timer IO Port: 0x4008
[    0.000000] IOAPIC[0]: apic_id 2, version 32, address 0xfec00000, GSI 0-23
[    0.000000] ACPI: INT_SRC_OVR (bus 0 bus_irq 0 global_irq 2 dfl dfl)
[    0.000000] ACPI: INT_SRC_OVR (bus 0 bus_irq 9 global_irq 9 low level)
[    0.000000] Using ACPI (MADT) for SMP configuration information
[    0.000000] smpboot: Allowing 2 CPUs, 0 hotplug CPUs
[    0.000000] PM: Registered nosave memory: [mem 0x00000000-0x00000fff]
[    0.000000] PM: Registered nosave memory: [mem 0x0009f000-0x0009ffff]
[    0.000000] PM: Registered nosave memory: [mem 0x000a0000-0x000effff]
[    0.000000] PM: Registered nosave memory: [mem 0x000f0000-0x000fffff]
[    0.000000] e820: [mem 0x40000000-0xfebfffff] available for PCI devices
[    0.000000] Booting paravirtualized kernel on KVM
[    0.000000] clocksource: refined-jiffies: mask: 0xffffffff max_cycles: 0xffffffff, max_idle_ns: 7645519600211568 ns
[    0.000000] random: get_random_bytes called from start_kernel+0x99/0x500 with crng_init=0
[    0.000000] setup_percpu: NR_CPUS:8192 nr_cpumask_bits:2 nr_cpu_ids:2 nr_node_ids:1
[    0.000000] percpu: Embedded 50 pages/cpu s167936 r8192 d28672 u1048576
[    0.000000] PV qspinlock hash table entries: 256 (order: 0, 4096 bytes)
[    0.000000] Built 1 zonelists, mobility grouping on.  Total pages: 257913
[    0.000000] Policy zone: DMA32
[    0.000000] Kernel command line: BOOT_IMAGE=/boot/vmlinuz-4.15.0-192-generic root=LABEL=cloudimg-rootfs ro console=tty1 console=ttyS0
[    0.000000] Memory: 982648K/1048120K available (12300K kernel code, 2484K rwdata, 4324K rodata, 2468K init, 2724K bss, 65472K reserved, 0K cma-reserved)
[    0.000000] SLUB: HWalign=64, Order=0-3, MinObjects=0, CPUs=2, Nodes=1
[    0.000000] Kernel/User page tables isolation: enabled
[    0.000000] ftrace: allocating 39482 entries in 155 pages
[    0.004000] Hierarchical RCU implementation.
[    0.004000] 	RCU restricting CPUs from NR_CPUS=8192 to nr_cpu_ids=2.
[    0.004000] 	Tasks RCU enabled.
[    0.004000] RCU: Adjusting geometry for rcu_fanout_leaf=16, nr_cpu_ids=2
[    0.004000] NR_IRQS: 524544, nr_irqs: 440, preallocated irqs: 16
[    0.004000] Console: colour VGA+ 80x25
[    0.004000] console [tty1] enabled
[    0.004000] console [ttyS0] enabled
[    0.004000] ACPI: Core revision 20170831
[    0.004000] ACPI: 2 ACPI AML tables successfully acquired and loaded
[    0.004000] APIC: Switch to symmetric I/O mode setup
[    0.004000] x2apic enabled
[    0.004000] Switched APIC routing to physical x2apic.
[    0.004000] ..TIMER: vector=0x30 apic1=0 pin1=2 apic2=-1 pin2=-1
[    0.004004] tsc: Detected 2807.970 MHz processor
[    0.005066] Calibrating delay loop (skipped) preset value.. 5615.94 BogoMIPS (lpj=11231880)
[    0.008003] pid_max: default: 32768 minimum: 301
[    0.008986] Security Framework initialized
[    0.009842] Yama: becoming mindful.
[    0.012026] AppArmor: AppArmor initialized
[    0.013769] Dentry cache hash table entries: 131072 (order: 8, 1048576 bytes)
[    0.015507] Inode-cache hash table entries: 65536 (order: 7, 524288 bytes)
[    0.016015] Mount-cache hash table entries: 2048 (order: 2, 16384 bytes)
[    0.017578] Mountpoint-cache hash table entries: 2048 (order: 2, 16384 bytes)
[    0.020296] Last level iTLB entries: 4KB 64, 2MB 8, 4MB 8
[    0.021594] Last level dTLB entries: 4KB 64, 2MB 0, 4MB 0, 1GB 4
[    0.023038] Spectre V1 : Mitigation: usercopy/swapgs barriers and __user pointer sanitization
[    0.024004] Spectre V2 : Mitigation: Retpolines
[    0.026358] Spectre V2 : Spectre v2 / SpectreRSB mitigation: Filling RSB on context switch
[    0.028002] Speculative Store Bypass: Vulnerable
[    0.032087] MDS: Mitigation: Clear CPU buffers
[    0.033198] MMIO Stale Data: Mitigation: Clear CPU buffers
[    0.034527] SRBDS: Unknown: Dependent on hypervisor status
[    0.036048] Freeing SMP alternatives memory: 36K
[    0.147076] smpboot: CPU0: Intel(R) Core(TM) i7-7700HQ CPU @ 2.80GHz (family: 0x6, model: 0x9e, stepping: 0x9)
[    0.148000] Performance Events: unsupported p6 CPU model 158 no PMU driver, software events only.
[    0.148033] Hierarchical SRCU implementation.
[    0.149887] NMI watchdog: Perf event create on CPU 0 failed with -2
[    0.152000] NMI watchdog: Perf NMI watchdog permanently disabled
[    0.152043] smp: Bringing up secondary CPUs ...
[    0.156079] x86: Booting SMP configuration:
[    0.157143] .... node  #0, CPUs:      #1
[    0.004000] kvm-clock: cpu 1, msr 0:3ff44041, secondary cpu clock
[    0.160019] smp: Brought up 1 node, 2 CPUs
[    0.161043] smpboot: Max logical packages: 1
[    0.162062] smpboot: Total of 2 processors activated (11231.88 BogoMIPS)
[    0.164120] devtmpfs: initialized
[    0.164932] x86/mm: Memory block size: 128MB
[    0.166175] evm: security.selinux
[    0.168003] evm: security.SMACK64
[    0.168880] evm: security.SMACK64EXEC
[    0.169812] evm: security.SMACK64TRANSMUTE
[    0.170859] evm: security.SMACK64MMAP
[    0.172002] evm: security.apparmor
[    0.172879] evm: security.ima
[    0.173672] evm: security.capability
[    0.174635] clocksource: jiffies: mask: 0xffffffff max_cycles: 0xffffffff, max_idle_ns: 7645041785100000 ns
[    0.176012] futex hash table entries: 512 (order: 3, 32768 bytes)
[    0.177514] pinctrl core: initialized pinctrl subsystem
[    0.180682] RTC time: 15:16:29, date: 09/07/22
[    0.181929] NET: Registered protocol family 16
[    0.184000] audit: initializing netlink subsys (disabled)
[    0.184029] audit: type=2000 audit(1662563794.813:1): state=initialized audit_enabled=0 res=1
[    0.188026] cpuidle: using governor ladder
[    0.189056] cpuidle: using governor menu
[    0.190104] ACPI: bus type PCI registered
[    0.192003] acpiphp: ACPI Hot Plug PCI Controller Driver version: 0.5
[    0.193631] PCI: Using configuration type 1 for base access
[    0.196343] HugeTLB registered 2.00 MiB page size, pre-allocated 0 pages
[    0.197671] ACPI: Added _OSI(Module Device)
[    0.197671] ACPI: Added _OSI(Processor Device)
[    0.200003] ACPI: Added _OSI(3.0 _SCP Extensions)
[    0.201146] ACPI: Added _OSI(Processor Aggregator Device)
[    0.202466] ACPI: Added _OSI(Linux-Dell-Video)
[    0.204007] ACPI: Added _OSI(Linux-Lenovo-NV-HDMI-Audio)
[    0.205274] ACPI: Added _OSI(Linux-HPI-Hybrid-Graphics)
[    0.206802] ACPI: Executed 1 blocks of module-level executable AML code
[    0.212371] ACPI: Interpreter enabled
[    0.213338] ACPI: (supports S0 S5)
[    0.214199] ACPI: Using IOAPIC for interrupt routing
[    0.216000] PCI: Using host bridge windows from ACPI; if necessary, use "pci=nocrs" and report a bug
[    0.216170] ACPI: Enabled 2 GPEs in block 00 to 07
[    0.227418] ACPI: PCI Root Bridge [PCI0] (domain 0000 [bus 00-ff])
[    0.228007] acpi PNP0A03:00: _OSC: OS supports [ASPM ClockPM Segments MSI]
[    0.230226] acpi PNP0A03:00: _OSC: not requesting OS control; OS requires [ExtendedConfig ASPM ClockPM MSI]
[    0.232012] acpi PNP0A03:00: fail to add MMCONFIG information, can't access extended PCI configuration space under this bridge.
[    0.236383] PCI host bridge to bus 0000:00
[    0.237413] pci_bus 0000:00: root bus resource [io  0x0000-0x0cf7 window]
[    0.239040] pci_bus 0000:00: root bus resource [io  0x0d00-0xffff window]
[    0.240003] pci_bus 0000:00: root bus resource [mem 0x000a0000-0x000bffff window]
[    0.244003] pci_bus 0000:00: root bus resource [mem 0x40000000-0xfdffffff window]
[    0.245832] pci_bus 0000:00: root bus resource [bus 00-ff]
[    0.249312] pci 0000:00:01.1: legacy IDE quirk: reg 0x10: [io  0x01f0-0x01f7]
[    0.250941] pci 0000:00:01.1: legacy IDE quirk: reg 0x14: [io  0x03f6]
[    0.252004] pci 0000:00:01.1: legacy IDE quirk: reg 0x18: [io  0x0170-0x0177]
[    0.253687] pci 0000:00:01.1: legacy IDE quirk: reg 0x1c: [io  0x0376]
[    0.268263] pci 0000:00:07.0: quirk: [io  0x4000-0x403f] claimed by PIIX4 ACPI
[    0.270365] pci 0000:00:07.0: quirk: [io  0x4100-0x410f] claimed by PIIX4 SMB
[    0.280414] ACPI: PCI Interrupt Link [LNKA] (IRQs 5 9 10 *11)
[    0.282468] ACPI: PCI Interrupt Link [LNKB] (IRQs 5 9 *10 11)
[    0.283978] ACPI: PCI Interrupt Link [LNKC] (IRQs 5 *9 10 11)
[    0.285526] ACPI: PCI Interrupt Link [LNKD] (IRQs 5 9 10 *11)
[    0.287286] SCSI subsystem initialized
[    0.288045] pci 0000:00:02.0: vgaarb: setting as boot VGA device
[    0.289437] pci 0000:00:02.0: vgaarb: VGA device added: decodes=io+mem,owns=io+mem,locks=none
[    0.291469] pci 0000:00:02.0: vgaarb: bridge control possible
[    0.292008] vgaarb: loaded
[    0.292774] ACPI: bus type USB registered
[    0.293773] usbcore: registered new interface driver usbfs
[    0.296000] usbcore: registered new interface driver hub
[    0.296011] usbcore: registered new device driver usb
[    0.300054] EDAC MC: Ver: 3.0.0
[    0.301123] PCI: Using ACPI for IRQ routing
[    0.301330] NetLabel: Initializing
[    0.304012] NetLabel:  domain hash size = 128
[    0.305017] NetLabel:  protocols = UNLABELED CIPSOv4 CALIPSO
[    0.306266] NetLabel:  unlabeled traffic allowed by default
[    0.307510] clocksource: Switched to clocksource kvm-clock
[    0.316016] VFS: Disk quotas dquot_6.6.0
[    0.317417] VFS: Dquot-cache hash table entries: 512 (order 0, 4096 bytes)
[    0.318971] AppArmor: AppArmor Filesystem Enabled
[    0.320045] pnp: PnP ACPI init
[    0.321837] pnp: PnP ACPI: found 3 devices
[    0.330445] clocksource: acpi_pm: mask: 0xffffff max_cycles: 0xffffff, max_idle_ns: 2085701024 ns
[    0.332044] NET: Registered protocol family 2
[    0.333654] IP idents hash table entries: 16384 (order: 5, 131072 bytes)
[    0.335890] TCP established hash table entries: 8192 (order: 4, 65536 bytes)
[    0.337529] TCP bind hash table entries: 8192 (order: 5, 131072 bytes)
[    0.338930] TCP: Hash tables configured (established 8192 bind 8192)
[    0.340324] UDP hash table entries: 512 (order: 2, 16384 bytes)
[    0.341644] UDP-Lite hash table entries: 512 (order: 2, 16384 bytes)
[    0.343034] NET: Registered protocol family 1
[    0.344045] pci 0000:00:00.0: Limiting direct PCI/PCI transfers
[    0.345378] pci 0000:00:01.0: Activating ISA DMA hang workarounds
[    0.346727] pci 0000:00:02.0: Video device with shadowed ROM at [mem 0x000c0000-0x000dffff]
[    0.348683] Unpacking initramfs...
[    0.588523] Freeing initrd memory: 19528K
[    0.589938] clocksource: tsc: mask: 0xffffffffffffffff max_cycles: 0x2879a98aa49, max_idle_ns: 440795226023 ns
[    0.592175] platform rtc_cmos: registered platform RTC device (no PNP device found)
[    0.593894] Scanning for low memory corruption every 60 seconds
[    0.595749] Initialise system trusted keyrings
[    0.596821] Key type blacklist registered
[    0.597787] workingset: timestamp_bits=36 max_order=18 bucket_order=0
[    0.600226] zbud: loaded
[    0.601356] squashfs: version 4.0 (2009/01/31) Phillip Lougher
[    0.602788] fuse init (API version 7.26)
[    0.605101] Key type asymmetric registered
[    0.606041] Asymmetric key parser 'x509' registered
[    0.607183] Block layer SCSI generic (bsg) driver version 0.4 loaded (major 246)
[    0.608919] io scheduler noop registered
[    0.609813] io scheduler deadline registered
[    0.610796] io scheduler cfq registered (default)
[    0.613302] ACPI: AC Adapter [AC] (on-line)
[    0.615213] input: Power Button as /devices/LNXSYSTM:00/LNXPWRBN:00/input/input0
[    0.617538] ACPI: Power Button [PWRF]
[    0.618510] input: Sleep Button as /devices/LNXSYSTM:00/LNXSLPBN:00/input/input1
[    0.620325] ACPI: Sleep Button [SLPF]
[    0.622316] ACPI: Battery Slot [BAT0] (battery present)
[    0.623657] Serial: 8250/16550 driver, 32 ports, IRQ sharing enabled
[    0.645932] 00:02: ttyS0 at I/O 0x3f8 (irq = 4, base_baud = 115200) is a 16550A
[    0.650359] Linux agpgart interface v0.103
[    0.652828] loop: module loaded
[    0.654134] scsi host0: ata_piix
[    0.655145] scsi host1: ata_piix
[    0.655863] ata1: PATA max UDMA/33 cmd 0x1f0 ctl 0x3f6 bmdma 0xd000 irq 14
[    0.657324] ata2: PATA max UDMA/33 cmd 0x170 ctl 0x376 bmdma 0xd008 irq 15
[    0.658891] tun: Universal TUN/TAP device driver, 1.6
[    0.660251] PPP generic driver version 2.4.2
[    0.661183] ehci_hcd: USB 2.0 'Enhanced' Host Controller (EHCI) Driver
[    0.662370] ehci-pci: EHCI PCI platform driver
[    0.663269] ehci-platform: EHCI generic platform driver
[    0.664252] ohci_hcd: USB 1.1 'Open' Host Controller (OHCI) Driver
[    0.665374] ohci-pci: OHCI PCI platform driver
[    0.666244] ohci-platform: OHCI generic platform driver
[    0.667233] uhci_hcd: USB Universal Host Controller Interface driver
[    0.668438] i8042: PNP: PS/2 Controller [PNP0303:PS2K,PNP0f03:PS2M] at 0x60,0x64 irq 1,12
[    0.670438] serio: i8042 KBD port at 0x60,0x64 irq 1
[    0.671396] serio: i8042 AUX port at 0x60,0x64 irq 12
[    0.672521] mousedev: PS/2 mouse device common for all mice
[    0.674094] input: AT Translated Set 2 keyboard as /devices/platform/i8042/serio0/input/input2
[    0.675972] rtc_cmos rtc_cmos: rtc core: registered rtc_cmos as rtc0
[    0.677230] rtc_cmos rtc_cmos: alarms up to one day, 114 bytes nvram
[    0.678732] i2c /dev entries driver
[    0.679603] device-mapper: uevent: version 1.0.3
[    0.680771] device-mapper: ioctl: 4.37.0-ioctl (2017-09-20) initialised: dm-devel@redhat.com
[    0.682699] ledtrig-cpu: registered to indicate activity on CPUs
[    0.684423] NET: Registered protocol family 10
[    0.688811] Segment Routing with IPv6
[    0.689872] NET: Registered protocol family 17
[    0.690959] Key type dns_resolver registered
[    0.692232] mce: Using 0 MCE banks
[    0.693099] RAS: Correctable Errors collector initialized.
[    0.694390] sched_clock: Marking stable (692204058, 0)->(890346971, -198142913)
[    0.696491] registered taskstats version 1
[    0.697525] Loading compiled-in X.509 certificates
[    0.700595] Loaded X.509 cert 'Build time autogenerated kernel key: af04d57e94487e4500da7630f19b69a59e91d95a'
[    0.703319] Loaded X.509 cert 'Canonical Ltd. Live Patch Signing: 14df34d1a87cf37625abec039ef2bf521249b969'
[    0.706020] Loaded X.509 cert 'Canonical Ltd. Kernel Module Signing: 88f752e560a1e0737e31163a466ad7b70a850c19'
[    0.708261] blacklist: Loading compiled-in revocation X.509 certificates
[    0.709743] Loaded X.509 cert 'Canonical Ltd. Secure Boot Signing: 61482aa2830d0ab2ad5af10b7250da9033ddcef0'
[    0.711914] zswap: loaded using pool lzo/zbud
[    0.716069] Key type big_key registered
[    0.717085] Key type trusted registered
[    0.719585] Key type encrypted registered
[    0.720757] AppArmor: AppArmor sha1 policy hashing enabled
[    0.721980] ima: No TPM chip found, activating TPM-bypass! (rc=-19)
[    0.723367] ima: Allocated hash algorithm: sha1
[    0.724447] evm: HMAC attrs: 0x1
[    0.725459]   Magic number: 6:853:284
[    0.726439] rtc_cmos rtc_cmos: setting system clock to 2022-09-07 15:16:30 UTC (1662563790)
[    0.728470] BIOS EDD facility v0.16 2004-Jun-25, 0 devices found
[    0.729824] EDD information not available.
[    0.842432] Freeing unused kernel image memory: 2468K
[    1.377373] Write protecting the kernel read-only data: 20480k
[    1.379526] Freeing unused kernel image memory: 2008K
[    1.381176] Freeing unused kernel image memory: 1820K
[    1.390765] x86/mm: Checked W+X mappings: passed, no W+X pages found.
[    1.392227] x86/mm: Checking user space page tables
[    1.401968] x86/mm: Checked W+X mappings: passed, no W+X pages found.
Loading, please wait...
starting version 237
[    1.471346] e1000: Intel(R) PRO/1000 Network Driver - version 7.3.21-k8-NAPI
[    1.473017] e1000: Copyright (c) 1999-2006 Intel Corporation.
[    1.478870] Fusion MPT base driver 3.04.20
[    1.479777] Copyright (c) 1999-2008 LSI Corporation
[    1.500379] AVX2 version of gcm_enc/dec engaged.
[    1.501464] AES CTR mode by8 optimization enabled
[    1.506262] Fusion MPT SPI Host driver 3.04.20
[    1.689434] input: ImExPS/2 Generic Explorer Mouse as /devices/platform/i8042/serio1/input/input4
[    1.880982] e1000 0000:00:03.0 eth0: (PCI:33MHz:32-bit) 02:a0:66:c7:c8:08
[    1.882481] e1000 0000:00:03.0 eth0: Intel(R) PRO/1000 Network Connection
[    2.260756] e1000 0000:00:08.0 eth1: (PCI:33MHz:32-bit) 08:00:27:0e:2a:f0
[    2.262680] e1000 0000:00:08.0 eth1: Intel(R) PRO/1000 Network Connection
[    2.265397] e1000 0000:00:03.0 enp0s3: renamed from eth0
[    2.266773] mptbase: ioc0: Initiating bringup
[    2.288551] e1000 0000:00:08.0 enp0s8: renamed from eth1
[    2.485519] ioc0: LSI53C1030 A0: Capabilities={Initiator}
[    4.294748] scsi host2: ioc0: LSI53C1030 A0, FwRev=00000000h, Ports=1, MaxQ=256, IRQ=20
[    5.551558] scsi 2:0:0:0: Direct-Access     VBOX     HARDDISK         1.0  PQ: 0 ANSI: 5
[    6.346177] scsi target2:0:0: Beginning Domain Validation
[    6.348324] scsi target2:0:0: Domain Validation skipping write tests
[    6.349777] scsi target2:0:0: Ending Domain Validation
[    6.350981] scsi target2:0:0: asynchronous
[    6.352240] scsi 2:0:1:0: Direct-Access     VBOX     HARDDISK         1.0  PQ: 0 ANSI: 5
[    6.538039] scsi target2:0:1: Beginning Domain Validation
[    6.540166] random: fast init done
[    6.541192] scsi target2:0:1: Domain Validation skipping write tests
[    6.543660] scsi target2:0:1: Ending Domain Validation
[    6.544981] scsi target2:0:1: asynchronous
[    6.548962] random: systemd-udevd: uninitialized urandom read (16 bytes read)
[    6.551418] random: systemd-udevd: uninitialized urandom read (16 bytes read)
[    6.553023] random: systemd-udevd: uninitialized urandom read (16 bytes read)
[    6.553025] sd 2:0:0:0: Attached scsi generic sg0 type 0
[    6.555425] sd 2:0:0:0: [sda] 83886080 512-byte logical blocks: (42.9 GB/40.0 GiB)
[    6.555441] sd 2:0:1:0: Attached scsi generic sg1 type 0
[    6.556960] sd 2:0:0:0: [sda] Write Protect is off
[    6.559453] sd 2:0:0:0: [sda] Incomplete mode parameter data
[    6.559512] sd 2:0:1:0: [sdb] 20480 512-byte logical blocks: (10.5 MB/10.0 MiB)
[    6.561058] sd 2:0:0:0: [sda] Assuming drive cache: write through
[    6.563972] sd 2:0:1:0: [sdb] Write Protect is off
[    6.565316] sd 2:0:1:0: [sdb] Incomplete mode parameter data
[    6.566689] sd 2:0:1:0: [sdb] Assuming drive cache: write through
[    6.568297]  sda: sda1
[    6.569521] sd 2:0:0:0: [sda] Attached SCSI disk
[    6.571669] sd 2:0:1:0: [sdb] Attached SCSI disk
Begin: Loading essential drivers ... [    8.155167] raid6: sse2x1   gen() 12595 MB/s
[    8.203132] raid6: sse2x1   xor()  9369 MB/s
[    8.257044] raid6: sse2x2   gen() 18508 MB/s
[    8.308909] raid6: sse2x2   xor() 10490 MB/s
[    8.365559] raid6: sse2x4   gen() 19973 MB/s
[    8.412018] raid6: sse2x4   xor()  9820 MB/s
[    8.467559] raid6: avx2x1   gen() 22965 MB/s
[    8.524578] raid6: avx2x1   xor() 17964 MB/s
[    8.575119] raid6: avx2x2   gen() 24927 MB/s
[    8.621416] raid6: avx2x2   xor() 19154 MB/s
[    8.673140] raid6: avx2x4   gen() 38715 MB/s
[    8.734215] raid6: avx2x4   xor() 25205 MB/s
[    8.735471] raid6: using algorithm avx2x4 gen() 38715 MB/s
[    8.736512] raid6: .... xor() 25205 MB/s, rmw enabled
[    8.737473] raid6: using avx2x2 recovery algorithm
[    8.739277] xor: automatically using best checksumming function   avx       
[    8.743196] async_tx: api initialized (async)
done.
Begin: Running /scripts/init-premount ... done.
Begin: Mounting root file system ... Begin: Running /scripts/local-top ... done.
Begin: Running /scripts/local-premount ... [    8.790076] Btrfs loaded, crc32c=crc32c-intel
Scanning for Btrfs filesystems
done.
Warning: fsck not present, so skipping root file system
[    8.821534] EXT4-fs (sda1): mounted filesystem with ordered data mode. Opts: (null)
done.
Begin: Running /scripts/local-bottom ... done.
Begin: Running /scripts/init-bottom ... done.
[    9.027018] ip_tables: (C) 2000-2006 Netfilter Core Team
[    9.038719] systemd[1]: systemd 237 running in system mode. (+PAM +AUDIT +SELINUX +IMA +APPARMOR +SMACK +SYSVINIT +UTMP +LIBCRYPTSETUP +GCRYPT +GNUTLS +ACL +XZ +LZ4 +SECCOMP +BLKID +ELFUTILS +KMOD -IDN2 +IDN -PCRE2 default-hierarchy=hybrid)
[    9.043288] systemd[1]: Detected virtualization oracle.
[    9.044480] systemd[1]: Detected architecture x86-64.

Welcome to [1mUbuntu 18.04.6 LTS[0m!

[    9.051718] systemd[1]: Set hostname to <ubuntu>.
[    9.056080] systemd[1]: Initializing machine ID from random generator.
[    9.057746] systemd[1]: Installed transient /etc/machine-id file.
[    9.412159] systemd[1]: Set up automount Arbitrary Executable File Formats File System Automount Point.
[[0;32m  OK  [0m] Set up automount Arbitrary Executabâ€¦rmats File System Automount Point.
[    9.415734] systemd[1]: Reached target System Time Synchronized.
[[0;32m  OK  [0m] Reached target System Time Synchronized.
[    9.419506] systemd[1]: Created slice User and Session Slice.
[[0;32m  OK  [0m] Created slice User and Session Slice.
[    9.422035] systemd[1]: Reached target Swap.
[[0;32m  OK  [0m] Reached target Swap.
[[0;32m  OK  [0m] Started Forward Password Requests to Wall Directory Watch.
[[0;32m  OK  [0m] Created slice System Slice.
[[0;32m  OK  [0m] Created slice system-serial\x2dgetty.slice.
[[0;32m  OK  [0m] Listening on udev Kernel Socket.
[[0;32m  OK  [0m] Listening on Syslog Socket.
[[0;32m  OK  [0m] Listening on LVM2 poll daemon socket.
[[0;32m  OK  [0m] Reached target Slices.
[[0;32m  OK  [0m] Listening on Journal Socket (/dev/log).
[[0;32m  OK  [0m] Listening on /dev/initctl Compatibility Named Pipe.
[[0;32m  OK  [0m] Listening on udev Control Socket.
[[0;32m  OK  [0m] Listening on Journal Audit Socket.
[[0;32m  OK  [0m] Listening on Network Service Netlink Socket.
[[0;32m  OK  [0m] Listening on LVM2 metadata daemon socket.
[[0;32m  OK  [0m] Listening on Device-mapper event daemon FIFOs.
[[0;32m  OK  [0m] Listening on fsck to fsckd communication Socket.
[[0;32m  OK  [0m] Reached target User and Group Name Lookups.
[[0;32m  OK  [0m] Listening on Journal Socket.
         Mounting Huge Pages File System...
         Starting Create list of required stâ€¦ce nodes for the current kernel...
         Starting Journal Service...
         Mounting Kernel Debug File System...
         Starting File System Check on Root Device...
         Mounting POSIX Message Queue File System...
         Starting Uncomplicated firewall...
         Starting Load Kernel Modules...
         Starting Set the console keyboard layout...
         Starting Monitoring of LVM2 mirrorsâ€¦ng dmeventd or progress polling...
         Starting udev Coldplug all Devices...
[[0;32m  OK  [0m] Started Journal Service.
[[0;32m  OK  [0m] Mounted Huge Pages File System.
[[0;32m  OK  [0m] Started Create list of required staâ€¦vice nodes for the current kernel.
[[0;32m  OK  [0m] Mounted Kernel Debug File System.
[[0;32m  OK  [0m] Mounted POSIX Message Queue File System.
[[0;32m  OK  [0m] Started Uncomplicated firewall.
[[0;32m  OK  [0m] Started File System Check Daemon to report status.
         Starting Create Static Device Nodes in /dev...
[    9.507045] Loading iSCSI transport class v2.0-870.
[    9.513043] iscsi: registered transport (tcp)
[[0;32m  OK  [0m] Started File System Check on Root Device.
         Starting Remount Root and Kernel File Systems...
[[0;32m  OK  [0m] Started Create Static Device Nodes in /dev.
[[0;32m  OK  [0m] Started udev Coldplug all Devices.
[[0;32m  OK  [0m] Started LVM2 metadata daemon.
[    9.639560] iscsi: registered transport (iser)
[[0;32m  OK  [0m] Started Load Kernel Modules.
         Starting Apply Kernel Variables...
         Mounting Kernel Configuration File System...
         Mounting FUSE Control File System...
[[0;32m  OK  [0m] Mounted Kernel Configuration File System.
[[0;32m  OK  [0m] Mounted FUSE Control File System.
[[0;32m  OK  [0m] Started Remount Root and Kernel File Systems.
         Starting Load/Save Random Seed...
         Starting Flush Journal to Persistent Storage...
         Starting udev Kernel Device Manager...
[[0;32m  OK  [0m] Started Monitoring of LVM2 mirrors,â€¦sing dmeventd or progress polling.
[[0;32m  OK  [0m] Started Apply Kernel Variables.
[[0;32m  OK  [0m] Started Load/Save Random Seed.
[[0;32m  OK  [0m] Started udev Kernel Device Manager.
[[0;32m  OK  [0m] Started Flush Journal to Persistent Storage.
[[0;32m  OK  [0m] Found device /dev/ttyS0.
[[0;32m  OK  [0m] Listening on Load/Save RF Kill Switch Status /dev/rfkill Watch.
[[0;32m  OK  [0m] Started Set the console keyboard layout.
[[0;32m  OK  [0m] Reached target Local File Systems (Pre).
[[0;32m  OK  [0m] Reached target Local File Systems.
         Starting Create Volatile Files and Directories...
         Starting ebtables ruleset management...
         Starting AppArmor initialization...
         Starting Tell Plymouth To Write Out Runtime Data...
         Starting Set console font and keymap...
         Starting Commit a transient machine-id on disk...
[[0;32m  OK  [0m] Started Dispatch Password Requests to Console Directory Watch.
[[0;32m  OK  [0m] Reached target Local Encrypted Volumes.
[[0;32m  OK  [0m] Started Create Volatile Files and Directories.
         Starting Update UTMP about System Boot/Shutdown...
[[0;32m  OK  [0m] Started Tell Plymouth To Write Out Runtime Data.
[[0;32m  OK  [0m] Started Update UTMP about System Boot/Shutdown.
[[0;32m  OK  [0m] Started Commit a transient machine-id on disk.
[[0;32m  OK  [0m] Started ebtables ruleset management.
[[0;32m  OK  [0m] Started Set console font and keymap.
[[0;32m  OK  [0m] Started AppArmor initialization.
         Starting Load AppArmor profiles managed internally by snapd...
         Starting Initial cloud-init job (pre-networking)...
[[0;32m  OK  [0m] Started Load AppArmor profiles managed internally by snapd.
[   14.220841] cloud-init[861]: Cloud-init v. 22.2-0ubuntu1~18.04.3 running 'init-local' at Wed, 07 Sep 2022 15:16:43 +0000. Up 13.77 seconds.
[[0;32m  OK  [0m] Started Initial cloud-init job (pre-networking).
[[0;32m  OK  [0m] Reached target Network (Pre).
         Starting Network Service...
[[0;32m  OK  [0m] Started Network Service.
         Starting Network Name Resolution...
         Starting Wait for Network to be Configured...
[[0;32m  OK  [0m] Started Network Name Resolution.
[[0;32m  OK  [0m] Reached target Host and Network Name Lookups.
[[0;32m  OK  [0m] Reached target Network.
[[0;32m  OK  [0m] Started Wait for Network to be Configured.
         Starting Initial cloud-init job (metadata service crawler)...
[   16.116152] cloud-init[969]: Cloud-init v. 22.2-0ubuntu1~18.04.3 running 'init' at Wed, 07 Sep 2022 15:16:45 +0000. Up 15.88 seconds.
[   16.118116] cloud-init[969]: ci-info: ++++++++++++++++++++++++++++++++++++++Net device info+++++++++++++++++++++++++++++++++++++++
[   16.120863] cloud-init[969]: ci-info: +--------+-------+----------------------------+---------------+--------+-------------------+
[   16.122548] cloud-init[969]: ci-info: | Device |   Up  |          Address           |      Mask     | Scope  |     Hw-Address    |
[   16.124150] cloud-init[969]: ci-info: +--------+-------+----------------------------+---------------+--------+-------------------+
[   16.125681] cloud-init[969]: ci-info: | enp0s3 |  True |         10.0.2.15          | 255.255.255.0 | global | 02:a0:66:c7:c8:08 |
[   16.127172] cloud-init[969]: ci-info: | enp0s3 |  True | fe80::a0:66ff:fec7:c808/64 |       .       |  link  | 02:a0:66:c7:c8:08 |
[   16.128665] cloud-init[969]: ci-info: | enp0s8 | False |             .              |       .       |   .    | 08:00:27:0e:2a:f0 |
[   16.130322] cloud-init[969]: ci-info: |   lo   |  True |         127.0.0.1          |   255.0.0.0   |  host  |         .         |
[   16.132264] cloud-init[969]: ci-info: |   lo   |  True |          ::1/128           |       .       |  host  |         .         |
[   16.134628] cloud-init[969]: ci-info: +--------+-------+----------------------------+---------------+--------+-------------------+
[   16.136544] cloud-init[969]: ci-info: ++++++++++++++++++++++++++++Route IPv4 info+++++++++++++++++++++++++++++
[   16.137842] cloud-init[969]: ci-info: +-------+-------------+----------+-----------------+-----------+-------+
[   16.138980] cloud-init[969]: ci-info: | Route | Destination | Gateway  |     Genmask     | Interface | Flags |
[   16.140149] cloud-init[969]: ci-info: +-------+-------------+----------+-----------------+-----------+-------+
[   16.141387] cloud-init[969]: ci-info: |   0   |   0.0.0.0   | 10.0.2.2 |     0.0.0.0     |   enp0s3  |   UG  |
[   16.142579] cloud-init[969]: ci-info: |   1   |   10.0.2.0  | 0.0.0.0  |  255.255.255.0  |   enp0s3  |   U   |
[   16.143753] cloud-init[969]: ci-info: |   2   |   10.0.2.2  | 0.0.0.0  | 255.255.255.255 |   enp0s3  |   UH  |
[   16.144917] cloud-init[969]: ci-info: +-------+-------------+----------+-----------------+-----------+-------+
[   16.146053] cloud-init[969]: ci-info: +++++++++++++++++++Route IPv6 info+++++++++++++++++++
[   16.147052] cloud-init[969]: ci-info: +-------+-------------+---------+-----------+-------+
[   16.148264] cloud-init[969]: ci-info: | Route | Destination | Gateway | Interface | Flags |
[   16.149195] cloud-init[969]: ci-info: +-------+-------------+---------+-----------+-------+
[   16.150210] cloud-init[969]: ci-info: |   1   |  fe80::/64  |    ::   |   enp0s3  |   U   |
[   16.151270] cloud-init[969]: ci-info: |   3   |    local    |    ::   |   enp0s3  |   U   |
[   16.152278] cloud-init[969]: ci-info: |   4   |   ff00::/8  |    ::   |   enp0s3  |   U   |
[   16.153199] cloud-init[969]: ci-info: +-------+-------------+---------+-----------+-------+
[   16.885462] cloud-init[969]: Generating public/private rsa key pair.
[   16.886615] cloud-init[969]: Your identification has been saved in /etc/ssh/ssh_host_rsa_key.
[   16.887722] cloud-init[969]: Your public key has been saved in /etc/ssh/ssh_host_rsa_key.pub.
[   16.888848] cloud-init[969]: The key fingerprint is:
[   16.889590] cloud-init[969]: SHA256:pojS0J097v6DIT70+m8BCO5P1IXOQ02XtvyUUIUHmdM root@ubuntu-bionic
[   16.890744] cloud-init[969]: The key's randomart image is:
[   16.891809] cloud-init[969]: +---[RSA 2048]----+
[   16.892589] cloud-init[969]: |       +. .ooB.  |
[   16.893279] cloud-init[969]: |  .   o o.+ = E  |
[   16.893944] cloud-init[969]: | . . * . o o +   |
[   16.894597] cloud-init[969]: | ...oo*   o o    |
[   16.895259] cloud-init[969]: |....o ooS  o     |
[   16.895882] cloud-init[969]: | o..+o.+.   .    |
[   16.896556] cloud-init[969]: |. o=.ooo .       |
[   16.897199] cloud-init[969]: | .  +.o o        |
[   16.897903] cloud-init[969]: |    .=++o.       |
[   16.898542] cloud-init[969]: +----[SHA256]-----+
[   16.899188] cloud-init[969]: Generating public/private dsa key pair.
[   16.900226] cloud-init[969]: Your identification has been saved in /etc/ssh/ssh_host_dsa_key.
[   16.901465] cloud-init[969]: Your public key has been saved in /etc/ssh/ssh_host_dsa_key.pub.
[   16.902631] cloud-init[969]: The key fingerprint is:
[   16.903346] cloud-init[969]: SHA256:J5xXn3YW83buOUV0r6OCzpNajFzeaQL1sidAtlHBy18 root@ubuntu-bionic
[   16.904986] cloud-init[969]: The key's randomart image is:
[   16.906112] cloud-init[969]: +---[DSA 1024]----+
[   16.907143] cloud-init[969]: |       .o.       |
[   16.908202] cloud-init[969]: |       ..       o|
[   16.909229] cloud-init[969]: |      +...  .  +o|
[   16.910284] cloud-init[969]: |     o =oo .E. .*|
[   16.911352] cloud-init[969]: |      + S.+.  +o*|
[   16.912377] cloud-init[969]: |     . B B.. .o=o|
[   16.913396] cloud-init[969]: |      o Bo=  . .o|
[   16.914373] cloud-init[969]: |       o+=. .  o.|
[   16.915403] cloud-init[969]: |      .oo. .   .o|
[   16.916488] cloud-init[969]: +----[SHA256]-----+
[   16.917543] cloud-init[969]: Generating public/private ecdsa key pair.
[   16.918657] cloud-init[969]: Your identification has been saved in /etc/ssh/ssh_host_ecdsa_key.
[   16.919991] cloud-init[969]: Your public key has been saved in /etc/ssh/ssh_host_ecdsa_key.pub.
[   16.921416] cloud-init[969]: The key fingerprint is:
[   16.922315] cloud-init[969]: SHA256:fZ462Z1a7cwzev3LYcbeHGMU+tnXUdKUQ98MDiBjlOU root@ubuntu-bionic
[   16.923738] cloud-init[969]: The key's randomart image is:
[   16.924718] cloud-init[969]: +---[ECDSA 256]---+
[   16.925567] cloud-init[969]: |       .=oo.. o.o|
[   16.926367] cloud-init[969]: |       ..+   o Bo|
[   16.927070] cloud-init[969]: |          E   o.B|
[   16.927797] cloud-init[969]: |         .    ..o|
[   16.928696] cloud-init[969]: |        S . .. o |
[   16.929617] cloud-init[969]: |           o .+.=|
[   16.930503] cloud-init[969]: |           oo..%*|
[   16.931418] cloud-init[969]: |          o...OOB|
[   16.932384] cloud-init[969]: |          ...oo+%|
[   16.933327] cloud-init[969]: +----[SHA256]-----+
[   16.934256] cloud-init[969]: Generating public/private ed25519 key pair.
[   16.935493] cloud-init[969]: Your identification has been saved in /etc/ssh/ssh_host_ed25519_key.
[   16.937124] cloud-init[969]: Your public key has been saved in /etc/ssh/ssh_host_ed25519_key.pub.
[   16.938693] cloud-init[969]: The key fingerprint is:
[   16.939691] cloud-init[969]: SHA256:oZFljrOkkX3xSzEr9zxAOrQFPzZ7cDiINiPBaDET6pk root@ubuntu-bionic
[   16.941297] cloud-init[969]: The key's randomart image is:
[   16.942324] cloud-init[969]: +--[ED25519 256]--+
[   16.943270] cloud-init[969]: |  ==.   *.=      |
[   16.944149] cloud-init[969]: | .oo.+ O X =     |
[   16.945089] cloud-init[969]: |..  + % X # .    |
[   16.946039] cloud-init[969]: |. o  * O B %     |
[   16.946982] cloud-init[969]: | E  . o S o =    |
[   16.948401] cloud-init[969]: |           . .   |
[   16.949838] cloud-init[969]: |                 |
[   16.951258] cloud-init[969]: |                 |
[   16.952281] cloud-init[969]: |                 |
[[0;32m  OK  [0m] Started Initial cloud-init job (metadata service crawler).
[   16.960487] cloud-init[969]: +----[SHA256]-----+
[[0;32m  OK  [0m] Reached target Cloud-config availability.
[[0;32m  OK  [0m] Reached target System Initialization.
[[0;32m  OK  [0m] Started Daily Cleanup of Temporary Directories.
[[0;32m  OK  [0m] Started Daily apt download activities.
[[0;32m  OK  [0m] Started Message of the Day.
         Starting Socket activation for snappy daemon.
         Starting LXD - unix socket.
[[0;32m  OK  [0m] Started Ubuntu Advantage Timer for running repeated jobs.
[[0;32m  OK  [0m] Listening on Open-iSCSI iscsid Socket.
[[0;32m  OK  [0m] Started ACPI Events Check.
[[0;32m  OK  [0m] Started Discard unused blocks once a week.
[[0;32m  OK  [0m] Reached target Paths.
[[0;32m  OK  [0m] Listening on D-Bus System Message Bus Socket.
[[0;32m  OK  [0m] Started Daily apt upgrade and clean activities.
[[0;32m  OK  [0m] Reached target Timers.
[[0;32m  OK  [0m] Listening on ACPID Listen Socket.
[[0;32m  OK  [0m] Listening on cloud-init hotplug hook socket.
[[0;32m  OK  [0m] Listening on UUID daemon activation socket.
[[0;32m  OK  [0m] Reached target Network is Online.
         Starting Availability of block devices...
[[0;32m  OK  [0m] Reached target Remote File Systems (Pre).
[[0;32m  OK  [0m] Reached target Remote File Systems.
[[0;32m  OK  [0m] Listening on Socket activation for snappy daemon.
[[0;32m  OK  [0m] Listening on LXD - unix socket.
[[0;32m  OK  [0m] Started Availability of block devices.
[[0;32m  OK  [0m] Reached target Sockets.
[[0;32m  OK  [0m] Reached target Basic System.
         Starting System Logging Service...
         Starting LSB: Record successful boot for GRUB...
         Starting Pollinate to seed the pseudo random number generator...
         Starting LSB: automatic crash report generation...
[[0;32m  OK  [0m] Started FUSE filesystem for LXC.
         Starting Accounts Service...
         Starting Virtualbox guest utils...
         Starting Dispatcher daemon for systemd-networkd...
[[0;32m  OK  [0m] Started D-Bus System Message Bus.
         Starting Permit User Sessions...
[[0;32m  OK  [0m] Started irqbalance daemon.
         Starting LXD - container startup/shutdown...
[[0;32m  OK  [0m] Started Deferred execution scheduler.
         Starting Login Service...
[[0;32m  OK  [0m] Started Regular background program processing daemon.
         Starting Snap Daemon...
[[0;32m  OK  [0m] Started System Logging Service.
[[0;32m  OK  [0m] Started Permit User Sessions.
[[0;32m  OK  [0m] Started Login Service.
[[0;32m  OK  [0m] Started Unattended Upgrades Shutdown.
         Starting Authorization Manager...
         Starting Hold until boot process finishes up...
         Starting Terminate Plymouth Boot Screen...
[[0;32m  OK  [0m] Started Hold until boot process finishes up.
[[0;32m  OK  [0m] Started Serial Getty on ttyS0.
         Starting Set console scheme...
[[0;32m  OK  [0m] Started Terminate Plymouth Boot Screen.
[[0;32m  OK  [0m] Started Authorization Manager.
[[0;32m  OK  [0m] Started Accounts Service.
[[0;32m  OK  [0m] Started Set console scheme.
[[0;32m  OK  [0m] Created slice system-getty.slice.
[[0;32m  OK  [0m] Started Getty on tty1.
[[0;32m  OK  [0m] Reached target Login Prompts.
[[0;32m  OK  [0m] Started LSB: automatic crash report generation.
[[0;32m  OK  [0m] Started LSB: Record successful boot for GRUB.
[[0;32m  OK  [0m] Started Virtualbox guest utils.
[[0;32m  OK  [0m] Started LXD - container startup/shutdown.
[[0;32m  OK  [0m] Started Dispatcher daemon for systemd-networkd.
[[0;32m  OK  [0m] Started Snap Daemon.
         Starting Wait until snapd is fully seeded...
         Starting Time & Date Service...
[[0;32m  OK  [0m] Started Time & Date Service.
[[0;32m  OK  [0m] Started Pollinate to seed the pseudo random number generator.
         Starting OpenBSD Secure Shell server...
[[0;32m  OK  [0m] Started OpenBSD Secure Shell server.
[[0;32m  OK  [0m] Created slice User Slice of vagrant.
         Starting User Manager for UID 1000...
[[0;32m  OK  [0m] Started Session 1 of user vagrant.
[[0;32m  OK  [0m] Started User Manager for UID 1000.
[[0;32m  OK  [0m] Started Wait until snapd is fully seeded.
         Starting Apply the settings specified in cloud-config...
[   21.508021] cloud-init[1596]: Cloud-init v. 22.2-0ubuntu1~18.04.3 running 'modules:config' at Wed, 07 Sep 2022 15:16:49 +0000. Up 19.89 seconds.
[[0;32m  OK  [0m] Started Apply the settings specified in cloud-config.
[[0;32m  OK  [0m] Reached target Multi-User System.
         Starting Execute cloud user/final scripts...
[[0;32m  OK  [0m] Reached target Graphical Interface.
         Starting Update UTMP about System Runlevel Changes...
[[0;32m  OK  [0m] Started Update UTMP about System Runlevel Changes.
ci-info: no authorized SSH keys fingerprints found for user ubuntu.
<14>Sep  7 15:16:52 cloud-init: #############################################################
<14>Sep  7 15:16:52 cloud-init: -----BEGIN SSH HOST KEY FINGERPRINTS-----
<14>Sep  7 15:16:52 cloud-init: 1024 SHA256:J5xXn3YW83buOUV0r6OCzpNajFzeaQL1sidAtlHBy18 root@ubuntu-bionic (DSA)
<14>Sep  7 15:16:52 cloud-init: 256 SHA256:fZ462Z1a7cwzev3LYcbeHGMU+tnXUdKUQ98MDiBjlOU root@ubuntu-bionic (ECDSA)
<14>Sep  7 15:16:52 cloud-init: 256 SHA256:oZFljrOkkX3xSzEr9zxAOrQFPzZ7cDiINiPBaDET6pk root@ubuntu-bionic (ED25519)
<14>Sep  7 15:16:52 cloud-init: 2048 SHA256:pojS0J097v6DIT70+m8BCO5P1IXOQ02XtvyUUIUHmdM root@ubuntu-bionic (RSA)
<14>Sep  7 15:16:52 cloud-init: -----END SSH HOST KEY FINGERPRINTS-----
<14>Sep  7 15:16:52 cloud-init: #############################################################
-----BEGIN SSH HOST KEY KEYS-----
ecdsa-sha2-nistp256 AAAAE2VjZHNhLXNoYTItbmlzdHAyNTYAAAAIbmlzdHAyNTYAAABBBLwUx0cMsF7IviaIpqwRLBUBPNj3X0kEepFfE960arnoeM9URPS29sB/UhQuEs9m4UOA4IBwwrApuMgXwiZbXJ8= root@ubuntu-bionic
ssh-ed25519 AAAAC3NzaC1lZDI1NTE5AAAAIGQGuU80AEVNtJXAi8X1TaaZ37SNYloZ30gYLsA6F8H9 root@ubuntu-bionic
ssh-rsa AAAAB3NzaC1yc2EAAAADAQABAAABAQDNzKcAX/0h+NkHsb6a9PtzS823o9+X6VHSonUEBf7eZuBL55hnBbO3S3QRONXm6jrN8xRisa4Hmy0WxkeBUokBQcbwG0WItdC3kJX9ixTV2uzO8d34yCc0V/iK/wckQHDSVDnsgQRE1ngANaN5sAZrP1CtTR/WI0E5AWAJWalrC82eo2mxwP52Yfu8p+NnZt165mGeInUOAsmezv3XRiefZm2pBbqCrkglcL+JVFUJRk+D36/yVcsFqg7wj3g8ZA2/izOBVRgWX8le/YKdHajzq8Qdb36tjxe9/gAKrLq04xtuQAn+zHYPVTMi5rVg4beADcclw+vk7e9kwObdzKJ3 root@ubuntu-bionic
-----END SSH HOST KEY KEYS-----
[   22.428111] cloud-init[1723]: Cloud-init v. 22.2-0ubuntu1~18.04.3 running 'modules:final' at Wed, 07 Sep 2022 15:16:51 +0000. Up 22.17 seconds.
[   22.430060] cloud-init[1723]: Cloud-init v. 22.2-0ubuntu1~18.04.3 finished at Wed, 07 Sep 2022 15:16:52 +0000. Datasource DataSourceNoCloud [seed=/dev/sdb][dsmode=net].  Up 22.41 seconds

Ubuntu 18.04.6 LTS ubuntu-bionic ttyS0

ubuntu-bionic login:          Stopping User Manager for UID 1000...
         Stopping Session 8 of user vagrant.
[[[0;32m  OK  [0m] Stopped Unattended Upgrades Shutdown.
[[0;32m  OK  [0m] Stopped target Timers.
[[0;32m  OK  [0m] Stopped Ubuntu Advantage Timer for running repeated jobs.
[[0;32m  OK  [0m] Stopped Daily Cleanup of Temporary Directories.
[[0;32m  OK  [0m] Stopped target Graphical Interface.
         Stopping Accounts Service...
         Stopping User Manager for UID 1000...
[[0;32m  OK  [0m] Stopped target Cloud-init target.
         Stopping Availability of block devices...
[[0;32m  OK  [0m] Stopped Execute cloud user/final scripts.
[[0;32m  OK  [0m] Stopped Apply the settings specified in cloud-config.
[[0;32m  OK  [0m] Stopped target Cloud-config availability.
[[0;32m  OK  [0m] Stopped Discard unused blocks once a week.
[[0;32m  OK  [0m] Stopped Daily apt upgrade and clean activities.
[[0;32m  OK  [0m] Stopped target Host and Network Name Lookups.
         Stopping Session 8 of user vagrant.
[[0;32m  OK  [0m] Stopped Message of the Day.
[[0;32m  OK  [0m] Stopped target Multi-User System.
         Stopping Virtualbox guest utils...
         Stopping Deferred execution scheduler...
         Stopping A high performance web server and a reverse proxy server...
         Stopping LSB: automatic crash report generation...
         Stopping irqbalance daemon...
         Stopping FUSE filesystem for LXC...
         Stopping LSB: Record successful boot for GRUB...
         Stopping Dispatcher daemon for systemd-networkd...
         Stopping System Logging Service...
[[0;32m  OK  [0m] Stopped target Login Prompts.
         Stopping Serial Getty on ttyS0...
         Stopping Getty on tty1...
         Stopping OpenBSD Secure Shell server...
         Stopping Regular background program processing daemon...
[[0;32m  OK  [0m] Stopped Wait until snapd is fully seeded.
         Stopping LXD - container startup/shutdown...
[[0;32m  OK  [0m] Closed Load/Save RF Kill Switch Status /dev/rfkill Watch.
[[0;32m  OK  [0m] Stopped Daily apt download activities.
[[0;32m  OK  [0m] Stopped target System Time Synchronized.
         Stopping D-Bus System Message Bus...
         Stopping Authorization Manager...
[[0;32m  OK  [0m] Unmounted /var/lib/lxcfs.
[[0;32m  OK  [0m] Stopped Regular background program processing daemon.
[[0;32m  OK  [0m] Stopped Dispatcher daemon for systemd-networkd.
[[0;32m  OK  [0m] Stopped System Logging Service.
[[0;32m  OK  [0m] Stopped irqbalance daemon.
[[0;32m  OK  [0m] Stopped Accounts Service.
[[0;32m  OK  [0m] Stopped Deferred execution scheduler.
[[0;32m  OK  [0m] Stopped Serial Getty on ttyS0.
[[0;32m  OK  [0m] Stopped Getty on tty1.
[[0;32m  OK  [0m] Stopped Authorization Manager.
[[0;32m  OK  [0m] Stopped OpenBSD Secure Shell server.
[[0;32m  OK  [0m] Stopped User Manager for UID 1000.
[[0;32m  OK  [0m] Stopped Availability of block devices.
[[0;32m  OK  [0m] Stopped D-Bus System Message Bus.
[[0;32m  OK  [0m] Stopped FUSE filesystem for LXC.
[[0;32m  OK  [0m] Stopped Session 8 of user vagrant.
[[0;32m  OK  [0m] Stopped LXD - container startup/shutdown.
[[0;32m  OK  [0m] Stopped A high performance web server and a reverse proxy server.
[[0;32m  OK  [0m] Removed slice User Slice of vagrant.
         Stopping Login Service...
[[0;32m  OK  [0m] Removed slice system-getty.slice.
[[0;32m  OK  [0m] Removed slice system-serial\x2dgetty.slice.
         Stopping Permit User Sessions...
[[0;32m  OK  [0m] Stopped Permit User Sessions.
[[0;32m  OK  [0m] Stopped LSB: Record successful boot for GRUB.
[[0;32m  OK  [0m] Stopped Virtualbox guest utils.
[[0;32m  OK  [0m] Stopped LSB: automatic crash report generation.
[[0;32m  OK  [0m] Stopped target Remote File Systems.
         Unmounting /vagrant...
[[0;32m  OK  [0m] Unmounted /vagrant.
[[0;32m  OK  [0m] Stopped target Remote File Systems (Pre).
[[0;32m  OK  [0m] Stopped target Network is Online.
[[0;32m  OK  [0m] Stopped target Network.
         Stopping Network Name Resolution...
[[0;32m  OK  [0m] Stopped Login Service.
[[0;32m  OK  [0m] Stopped target User and Group Name Lookups.
[[0;32m  OK  [0m] Stopped target Basic System.
[[0;32m  OK  [0m] Stopped target Slices.
[[0;32m  OK  [0m] Removed slice User and Session Slice.
[[0;32m  OK  [0m] Stopped target Sockets.
[[0;32m  OK  [0m] Closed ACPID Listen Socket.
[[0;32m  OK  [0m] Closed Syslog Socket.
[[0;32m  OK  [0m] Closed LXD - unix socket.
[[0;32m  OK  [0m] Closed Socket activation for snappy daemon.
[[0;32m  OK  [0m] Closed Open-iSCSI iscsid Socket.
[[0;32m  OK  [0m] Closed D-Bus System Message Bus Socket.
[[0;32m  OK  [0m] Closed UUID daemon activation socket.
[[0;32m  OK  [0m] Closed cloud-init hotplug hook socket.
[[0;32m  OK  [0m] Stopped target Paths.
[[0;32m  OK  [0m] Stopped ACPI Events Check.
[[0;32m  OK  [0m] Stopped target System Initialization.
[[0;32m  OK  [0m] Stopped target Local Encrypted Volumes.
[[0;32m  OK  [0m] Stopped Forward Password Requests to Wall Directory Watch.
[[0;32m  OK  [0m] Stopped Dispatch Password Requests to Console Directory Watch.
         Stopping Load/Save Random Seed...
[[0;32m  OK  [0m] Stopped Commit a transient machine-id on disk.
[[0;32m  OK  [0m] Stopped Initial cloud-init job (metadata service crawler).
         Stopping Update UTMP about System Boot/Shutdown...
[[0;32m  OK  [0m] Stopped Network Name Resolution.
         Stopping Network Service...
[[0;32m  OK  [0m] Stopped Update UTMP about System Boot/Shutdown.
[[0;32m  OK  [0m] Stopped Load/Save Random Seed.
[[0;32m  OK  [0m] Stopped Create Volatile Files and Directories.
[[0;32m  OK  [0m] Stopped target Local File Systems.
         Unmounting /run/user/1000...
[[0;32m  OK  [0m] Unmounted /run/user/1000.
[[0;32m  OK  [0m] Stopped Network Service.
[[0;32m  OK  [0m] Stopped Apply Kernel Variables.
[[0;32m  OK  [0m] Stopped Load Kernel Modules.
[[0;32m  OK  [0m] Stopped target Network (Pre).
[[0;32m  OK  [0m] Stopped Initial cloud-init job (pre-networking).
[[0;32m  OK  [0m] Reached target Unmount All Filesystems.
[[0;32m  OK  [0m] Stopped target Local File Systems (Pre).
[[0;32m  OK  [0m] Stopped Remount Root and Kernel File Systems.
         Stopping Monitoring of LVM2 mirrorsâ€¦ng dmeventd or progress polling...
[[0;32m  OK  [0m] Stopped Create Static Device Nodes in /dev.
[[0;32m  OK  [0m] Stopped target Swap.
[[0;32m  OK  [0m] Reached target Shutdown.
[[0;32m  OK  [0m] Reached target Final Step.
         Starting Power-Off...
[ 5571.763413] reboot: Power down
K  [0m] Reached target Final Step.
         Starting Power-Off...
[[0;32m  OK  [0m] Stopped Monitoring of LVM2 mirrors,â€¦sing dmeventd or progress polling.
         Stopping LVM2 metadata daemon...
[[0;32m  OK  [0m] Stopped LVM2 metadata daemon.
[ 5506.317774] reboot: Power down
